The command has indeed failed with message:
eta expansion: inductive X does not have projection functions for all fields
The command has indeed failed with message:
eta expansion: inductive Y is not a record
The command has indeed failed with message:
eta expansion: inductive option is not a record
